<testsuites id="" name="" tests="5" failures="0" skipped="1" errors="0" time="31.894752999999998">
<testsuite name="auth-api.setup.js" timestamp="2025-09-03T19:03:13.014Z" hostname="setup" tests="1" failures="0" skipped="0" time="5.504" errors="0">
<testcase name="authenticate via API" classname="auth-api.setup.js" time="5.504">
</testcase>
</testsuite>
<testsuite name="auth.setup.js" timestamp="2025-09-03T19:03:13.014Z" hostname="setup" tests="1" failures="0" skipped="0" time="11.622" errors="0">
<testcase name="authenticate as admin" classname="auth.setup.js" time="11.622">
<system-out>
<![CDATA[🔐 Setting up admin authentication...
Logging in as: admin
✅ Admin authentication completed. Saved to: /Users/nickberens/Webstorm/nickberens/tests/e2e/.auth/admin.json
Current URL: http://localhost:3000/
]]>
</system-out>
</testcase>
</testsuite>
<testsuite name="multi-role.setup.js" timestamp="2025-09-03T19:03:13.014Z" hostname="setup" tests="3" failures="0" skipped="1" time="8.611" errors="0">
<testcase name="authenticate as admin" classname="multi-role.setup.js" time="7.783">
</testcase>
<testcase name="authenticate as user" classname="multi-role.setup.js" time="0">
<properties>
<property name="skip" value="">
</property>
</properties>
<skipped>
</skipped>
</testcase>
<testcase name="no authentication" classname="multi-role.setup.js" time="0.828">
</testcase>
</testsuite>
</testsuites>